// Jest Snapshot v1, https://goo.gl/fbAQLP

exports[`GlobalFooter should render correctly with default data 1`] = `
<div>
  NOT IMPLEMENTED
</div>
`;
