// Jest Snapshot v1, https://goo.gl/fbAQLP

exports[`GlobalNavigation should work with axios 1`] = `
<GlobalNavigation
  api={[Function]}
  className=""
/>
`;
